test results file
